 2013  9 1 0411 15.7 L -43.340 170.376  8.5  VUW  8 0.2 0.6LVUW                1
 2021 0103 0345 23.9 LQ 60.109   5.402 13.9  BER 17 .60 1.2LBER                1
 2022  513  443 44.8 LQ  6.677 -76.639  8.7  SGC 19 0.7                        1
